{"code":8000,"codeName":"AtlasError","connectionGeneration":0,"errorLabelSet":{},"errorResponse":{"code":8000,"codeName":"AtlasError","errmsg":"bad auth : authentication failed","ok":0},"level":"error","message":"Database connection failed: bad auth : authentication failed","ok":0,"service":"safeswap-backend","stack":"MongoServerError: bad auth : authentication failed\n    at Connection.sendCommand (D:\\Attacker\\SafeSwap-Token\\Backend\\node_modules\\mongodb\\lib\\cmap\\connection.js:305:27)\n    at process.processTicksAndRejections (node:internal/process/task_queues:105:5)\n    at async Connection.command (D:\\Attacker\\SafeSwap-Token\\Backend\\node_modules\\mongodb\\lib\\cmap\\connection.js:333:26)\n    at async continueScramConversation (D:\\Attacker\\SafeSwap-Token\\Backend\\node_modules\\mongodb\\lib\\cmap\\auth\\scram.js:131:15)\n    at async executeScram (D:\\Attacker\\SafeSwap-Token\\Backend\\node_modules\\mongodb\\lib\\cmap\\auth\\scram.js:80:5)\n    at async ScramSHA1.auth (D:\\Attacker\\SafeSwap-Token\\Backend\\node_modules\\mongodb\\lib\\cmap\\auth\\scram.js:39:16)\n    at async performInitialHandshake (D:\\Attacker\\SafeSwap-Token\\Backend\\node_modules\\mongodb\\lib\\cmap\\connect.js:104:13)\n    at async connect (D:\\Attacker\\SafeSwap-Token\\Backend\\node_modules\\mongodb\\lib\\cmap\\connect.js:24:9)","timestamp":"2025-08-04 18:37:15"}
{"code":8000,"codeName":"AtlasError","connectionGeneration":0,"errorLabelSet":{},"errorResponse":{"code":8000,"codeName":"AtlasError","errmsg":"bad auth : authentication failed","ok":0},"level":"error","message":"Database connection failed: bad auth : authentication failed","ok":0,"service":"safeswap-backend","stack":"MongoServerError: bad auth : authentication failed\n    at Connection.sendCommand (D:\\Attacker\\SafeSwap-Token\\Backend\\node_modules\\mongodb\\lib\\cmap\\connection.js:305:27)\n    at process.processTicksAndRejections (node:internal/process/task_queues:105:5)\n    at async Connection.command (D:\\Attacker\\SafeSwap-Token\\Backend\\node_modules\\mongodb\\lib\\cmap\\connection.js:333:26)\n    at async continueScramConversation (D:\\Attacker\\SafeSwap-Token\\Backend\\node_modules\\mongodb\\lib\\cmap\\auth\\scram.js:131:15)\n    at async executeScram (D:\\Attacker\\SafeSwap-Token\\Backend\\node_modules\\mongodb\\lib\\cmap\\auth\\scram.js:80:5)\n    at async ScramSHA1.auth (D:\\Attacker\\SafeSwap-Token\\Backend\\node_modules\\mongodb\\lib\\cmap\\auth\\scram.js:39:16)\n    at async performInitialHandshake (D:\\Attacker\\SafeSwap-Token\\Backend\\node_modules\\mongodb\\lib\\cmap\\connect.js:104:13)\n    at async connect (D:\\Attacker\\SafeSwap-Token\\Backend\\node_modules\\mongodb\\lib\\cmap\\connect.js:24:9)","timestamp":"2025-08-04 18:38:59"}
{"code":8000,"codeName":"AtlasError","connectionGeneration":0,"errorLabelSet":{},"errorResponse":{"code":8000,"codeName":"AtlasError","errmsg":"bad auth : authentication failed","ok":0},"level":"error","message":"Database connection failed: bad auth : authentication failed","ok":0,"service":"safeswap-backend","stack":"MongoServerError: bad auth : authentication failed\n    at Connection.sendCommand (D:\\Attacker\\SafeSwap-Token\\Backend\\node_modules\\mongodb\\lib\\cmap\\connection.js:305:27)\n    at process.processTicksAndRejections (node:internal/process/task_queues:105:5)\n    at async Connection.command (D:\\Attacker\\SafeSwap-Token\\Backend\\node_modules\\mongodb\\lib\\cmap\\connection.js:333:26)\n    at async continueScramConversation (D:\\Attacker\\SafeSwap-Token\\Backend\\node_modules\\mongodb\\lib\\cmap\\auth\\scram.js:131:15)\n    at async executeScram (D:\\Attacker\\SafeSwap-Token\\Backend\\node_modules\\mongodb\\lib\\cmap\\auth\\scram.js:80:5)\n    at async ScramSHA1.auth (D:\\Attacker\\SafeSwap-Token\\Backend\\node_modules\\mongodb\\lib\\cmap\\auth\\scram.js:39:16)\n    at async performInitialHandshake (D:\\Attacker\\SafeSwap-Token\\Backend\\node_modules\\mongodb\\lib\\cmap\\connect.js:104:13)\n    at async connect (D:\\Attacker\\SafeSwap-Token\\Backend\\node_modules\\mongodb\\lib\\cmap\\connect.js:24:9)","timestamp":"2025-08-04 18:39:32"}
{"level":"info","message":"MongoDB Connected: ac-nefotyl-shard-00-00.6pk7wds.mongodb.net","service":"safeswap-backend","timestamp":"2025-08-04 18:43:29"}
{"level":"info","message":"Database connected successfully","service":"safeswap-backend","timestamp":"2025-08-04 18:43:29"}
{"level":"info","message":"Connected to Aptos mainnet: Ledger version 3175260185","service":"safeswap-backend","timestamp":"2025-08-04 18:43:30"}
{"level":"info","message":"Chain ID: 1","service":"safeswap-backend","timestamp":"2025-08-04 18:43:30"}
{"level":"info","message":"Aptos service initialized","service":"safeswap-backend","timestamp":"2025-08-04 18:43:30"}
{"level":"info","message":"Starting transaction monitoring...","service":"safeswap-backend","timestamp":"2025-08-04 18:43:30"}
{"level":"info","message":"Transaction monitoring started","service":"safeswap-backend","timestamp":"2025-08-04 18:43:30"}
{"level":"info","message":"Transaction monitoring started","service":"safeswap-backend","timestamp":"2025-08-04 18:43:30"}
{"level":"info","message":"Server running on port 3001","service":"safeswap-backend","timestamp":"2025-08-04 18:43:30"}
{"level":"info","message":"Environment: development","service":"safeswap-backend","timestamp":"2025-08-04 18:43:30"}
{"level":"warn","message":"MongoDB disconnected","service":"safeswap-backend","timestamp":"2025-08-04 18:44:35"}
{"level":"info","message":"MongoDB Connected: ac-nefotyl-shard-00-01.6pk7wds.mongodb.net","service":"safeswap-backend","timestamp":"2025-08-04 18:57:16"}
{"level":"info","message":"Database connected successfully","service":"safeswap-backend","timestamp":"2025-08-04 18:57:16"}
{"level":"info","message":"Connected to Aptos mainnet: Ledger version 3175304032","service":"safeswap-backend","timestamp":"2025-08-04 18:57:16"}
{"level":"info","message":"Chain ID: 1","service":"safeswap-backend","timestamp":"2025-08-04 18:57:16"}
{"level":"info","message":"Aptos service initialized","service":"safeswap-backend","timestamp":"2025-08-04 18:57:16"}
{"level":"info","message":"Starting transaction monitoring...","service":"safeswap-backend","timestamp":"2025-08-04 18:57:16"}
{"level":"info","message":"Transaction monitoring started","service":"safeswap-backend","timestamp":"2025-08-04 18:57:16"}
{"level":"info","message":"Transaction monitoring started","service":"safeswap-backend","timestamp":"2025-08-04 18:57:16"}
{"level":"info","message":"Server running on port 3001","service":"safeswap-backend","timestamp":"2025-08-04 18:57:16"}
{"level":"info","message":"Environment: development","service":"safeswap-backend","timestamp":"2025-08-04 18:57:16"}
